---
source: crates/biome_project/tests/manifest_spec_tests.rs
expression: lisence_not_string.json
---
lisence_not_string.json:2:13 deserialize ━━━━━━━━━━━━━━━━━━━━━━━━━━━━━━━━━━━━━━━━━━━━━━━━━━━━━━━━━━━

  × Incorrect type, expected a string, but received a boolean.
  
    1 │ {
  > 2 │ 	"license": false
      │ 	           ^^^^^
    3 │ }
    4 │ 
  


