---
source: crates/biome_project/tests/manifest_spec_tests.rs
expression: name.json
---
name.json:2:10 deserialize ━━━━━━━━━━━━━━━━━━━━━━━━━━━━━━━━━━━━━━━━━━━━━━━━━━━━━━━━━━━━━━━━━━━━━━━━━

  × Incorrect type, expected a string, but received a boolean.
  
    1 │ {
  > 2 │ 	"name": false
      │ 	        ^^^^^
    3 │ }
    4 │ 
  


