---
source: crates/biome_service/tests/spec_tests.rs
expression: organize_imports.json
---
organize_imports.json:3:14 deserialize ━━━━━━━━━━━━━━━━━━━━━━━━━━━━━━━━━━━━━━━━━━━━━━━━━━━━━━━━━━━━━

  × Incorrect type, expected a boolean, but received a string.
  
    1 │ {
    2 │ 	"organizeImports": {
  > 3 │ 		"enabled": "false"
      │ 		           ^^^^^^^
    4 │ 	}
    5 │ }
  


