---
source: crates/biome_service/tests/spec_tests.rs
expression: schema.json
---
schema.json:2:13 deserialize ━━━━━━━━━━━━━━━━━━━━━━━━━━━━━━━━━━━━━━━━━━━━━━━━━━━━━━━━━━━━━━━━━━━━━━━

  × Incorrect type, expected a string, but received a boolean.
  
    1 │ {
  > 2 │ 	"$schema": false
      │ 	           ^^^^^
    3 │ }
    4 │ 
  


